Process 0 of 1 is on gollum406.lsa.umich.edu - thread support 0
initial socket setup ...start
initial socket setup ...done 
now start server 0 ... 
 Q-Chem 4.3.0 for Intel X86 EM64T Linux

 Parts of Q-Chem use Armadillo 5.200.1 (Boston Tea Smuggler).
 http://arma.sourceforge.net/

 Q-Chem begins on Thu Nov 17 14:32:55 2016  

Host: gollum406.lsa.umich.edu
0

     Scratch files written to /tmp/77279451.satyr/qchem20251//
 Parallel job on  1  processors

Checking the input file for inconsistencies... 	...done.

--------------------------------------------------------------
User input:
--------------------------------------------------------------
 $rem
 JOBTYPE OPT
 EXCHANGE B3LYP
! CORRELATION PBE
! UNRESTRICTED TRUE
 SCF_ALGORITHM rca_diis
 SCF_MAX_CYCLES 150
! BASIS LANL2DZ
! ECP LANL2DZ
 BASIS 6-31G*
 WAVEFUNCTION_ANALYSIS FALSE
 GEOM_OPT_MAX_CYCLES 300

scf_convergence 6

 SYM_IGNORE TRUE
 SYMMETRY   FALSE

molden_format true
 $end


$molecule
0 1
  N 1.430440 -0.816527 0.170521
  B 1.904770 0.719519 -0.226011
  B -2.358895 -0.353067 -0.267409
  N -1.423592 0.557365 0.223762
  H 0.430519 -0.818230 0.390074
  H 1.942092 -1.164230 0.979021
  H 1.586682 -1.463985 -0.599886
  H 1.680769 1.381575 0.763138
  H 3.076483 0.645181 -0.507852
  H 1.210198 1.023634 -1.176415
  H -2.250861 -0.741394 -1.393129
  H -3.225933 -0.746921 0.455120
  H -1.488240 0.964117 1.146841
  H -0.696005 0.985596 -0.340158
$end
--------------------------------------------------------------
 ----------------------------------------------------------------
             Standard Nuclear Orientation (Angstroms)
    I     Atom           X                Y                Z
 ----------------------------------------------------------------
    1      N       1.4304400000    -0.8165270000     0.1705210000
    2      B       1.9047700000     0.7195190000    -0.2260110000
    3      B      -2.3588950000    -0.3530670000    -0.2674090000
    4      N      -1.4235920000     0.5573650000     0.2237620000
    5      H       0.4305190000    -0.8182300000     0.3900740000
    6      H       1.9420920000    -1.1642300000     0.9790210000
    7      H       1.5866820000    -1.4639850000    -0.5998860000
    8      H       1.6807690000     1.3815750000     0.7631380000
    9      H       3.0764830000     0.6451810000    -0.5078520000
   10      H       1.2101980000     1.0236340000    -1.1764150000
   11      H      -2.2508610000    -0.7413940000    -1.3931290000
   12      H      -3.2259330000    -0.7469210000     0.4551200000
   13      H      -1.4882400000     0.9641170000     1.1468410000
   14      H      -0.6960050000     0.9855960000    -0.3401580000
 ----------------------------------------------------------------
 Nuclear Repulsion Energy =   115.0415579028 hartrees
 There are       17 alpha and       17 beta electrons
 Requested basis set is 6-31G(d)
 There are 36 shells and 80 basis functions

 Total QAlloc Memory Limit   2000 MB
 Mega-Array Size        61 MB
 MEM_STATIC part        62 MB
 in ParallelAOLoop for JobNumber:  2 JobType:  2 
 A cutoff of  1.0D-10 yielded    615 shell pairs
 There are      3197 function pairs
 in ParallelAOLoop for JobNumber: 11 JobType: 11 
 DoParallel is ON (aoloop_n) 
 
 -------------------------------------------------------
 OpenMP Integral Computing Module                       
 Release: version 1.0, May 2013, Q-Chem Inc. Pittsburgh 
 -------------------------------------------------------
 Integral Job Info:
 Integral job number is                      11
 Integral operator is                         1
 short-range coefficients                     0
 long-range coefficients              100000000
 Omega coefficients                           0
 if combine SR and LR in K                    0
 Integral screening is                        0
 Integral computing path is                   2
 max size of driver memory is            800000
 size of driver memory is                593474
 size of scratch memory is              2260544
 max col of scratch BK array               1296
 max len of scratch array in speh3          155
 max len of scratch index in speh4           18
 max int batch size is                      520
 min int batch size is                       52
 fixed nKL is                                52
 max L of basis functions is                  2
 order of int derivative is                   0
 number of shells is                         36
 number of basis is                          80
 number of cartesian basis is                80
 number of contracted shell pairs           615
 number of primitive shell pairs           2254
 maxK2 (contraction) of shell pair           36
 max number of K2 of shell pair               1
 max number of CS2 of shell pair            106
 max number of PS2 of shell pair            366
 mem total for path MDJ                   13830
 -------------------------------------------------------
 Smallest overlap matrix eigenvalue = 8.30E-03

 Scale SEOQF with 1.000000e-01/1.000000e+00/1.000000e+00

 Standard Electronic Orientation quadrupole field applied
 Nucleus-field energy     =     0.0000000097 hartrees
 length of FILE_MO_COEFS: 0 
 Guess from superposition of atomic densities
 Warning:  Energy on first SCF cycle will be non-variational
 A restricted hybrid HF-DFT SCF calculation will be
 performed using Relaxed Constraint Minimization + Pulay DIIS
 Exchange:     0.2000 Hartree-Fock + 0.0800 Slater + 0.7200 B88
 Correlation:  0.1900 VWN1RPA + 0.8100 LYP
 Using SG-1 standard quadrature grid
 SCF converges when DIIS error is below 1.0E-06
 in ParallelAOLoop for JobNumber: 22 JobType: 22 
 ---------------------------------------
  Cycle       Energy         DIIS Error
 ---------------------------------------
    1    -165.4509117482      8.09E-02
 in ParallelAOLoop for JobNumber: 22 JobType: 22 
    2    -165.1448558217      1.17E-02
 in ParallelAOLoop for JobNumber: 22 JobType: 22 
    3    -165.1967866464      2.42E-03
 in ParallelAOLoop for JobNumber: 22 JobType: 22 
    4    -165.2585349424      2.20E-03
 in ParallelAOLoop for JobNumber: 22 JobType: 22 
    5    -165.2602827436      4.76E-04 Done RCA. Switching to DIIS
 in ParallelAOLoop for JobNumber: 22 JobType: 22 
    6    -165.2627182330      4.01E-04
 in ParallelAOLoop for JobNumber: 22 JobType: 22 
    7    -165.2628803699      3.45E-05
 in ParallelAOLoop for JobNumber: 22 JobType: 22 
    8    -165.2628812526      3.02E-06
 in ParallelAOLoop for JobNumber: 22 JobType: 22 
    9    -165.2628812598      7.67E-07 Convergence criterion met
 ---------------------------------------
 SCF time:  CPU 18.44 s  wall 21.26 s
 SCF   energy in the final basis set = -165.2628812598
 Total energy in the final basis set = -165.2628812598
 No wavefunction analysis requested
 Calculating analytic gradient of the SCF energy
 in ParallelAOLoop for JobNumber: 111 JobType: 11 
 DoParallel is ON (aoloop_n) 
 in ParallelAOLoop for JobNumber: 122 JobType: 22 
 Gradient of SCF Energy
            1           2           3           4           5           6
    1  -0.0004601  -0.0000774   0.0004844   0.0004650   0.0014501  -0.0006510
    2  -0.0020706   0.0001317   0.0005342   0.0007295   0.0002841   0.0007449
    3   0.0005159   0.0001116   0.0003026   0.0003837  -0.0003348  -0.0012745
            7           8           9          10          11          12
    1  -0.0001485   0.0001749  -0.0006828   0.0003144  -0.0001508   0.0004719
    2   0.0011798  -0.0003142   0.0000711  -0.0001195   0.0001977   0.0001787
    3   0.0010731  -0.0005386   0.0001532   0.0004311   0.0006710  -0.0005254
           13          14
    1  -0.0000800  -0.0011101
    2  -0.0009039  -0.0006436
    3  -0.0014824   0.0005135
 Max gradient component =       2.071E-03
 RMS gradient           =       7.064E-04
 Gradient time:  CPU 4.36 s  wall 5.02 s
 Geometry Optimization Parameters
   NAtoms,    NIC,     NZ,  NCons,   NDum,   NFix, NCnnct, MaxDiis
       14      92       0       0       0       0       0       0


** GEOMETRY OPTIMIZATION IN DELOCALIZED INTERNAL COORDINATES **
   Searching for a Minimum

   Optimization Cycle:   1

                       Coordinates (Angstroms)
     ATOM                X               Y               Z
      1  N         1.4304400000   -0.8165270000    0.1705210000
      2  B         1.9047700000    0.7195190000   -0.2260110000
      3  B        -2.3588950000   -0.3530670000   -0.2674090000
      4  N        -1.4235920000    0.5573650000    0.2237620000
      5  H         0.4305190000   -0.8182300000    0.3900740000
      6  H         1.9420920000   -1.1642300000    0.9790210000
      7  H         1.5866820000   -1.4639850000   -0.5998860000
      8  H         1.6807690000    1.3815750000    0.7631380000
      9  H         3.0764830000    0.6451810000   -0.5078520000
     10  H         1.2101980000    1.0236340000   -1.1764150000
     11  H        -2.2508610000   -0.7413940000   -1.3931290000
     12  H        -3.2259330000   -0.7469210000    0.4551200000
     13  H        -1.4882400000    0.9641170000    1.1468410000
     14  H        -0.6960050000    0.9855960000   -0.3401580000
   Point Group: c1    Number of degrees of freedom:    36


   Energy is   -165.262881260


 Attempting to Generate Delocalized Internal Coordinates

 36 Hessian modes will be used to form the next step
  Hessian Eigenvalues:
     0.003304    0.003862    0.006275    0.008889    0.017268    0.025620
     0.025652    0.026556    0.029166    0.044329    0.054118    0.055427
     0.068308    0.087929    0.097174    0.112001    0.118075    0.141257
     0.152435    0.158961    0.159883    0.160000    0.160000    0.160000
     0.196217    0.224390    0.238682    0.241312    0.249813    0.250059
     0.415940    0.445942    0.446560    0.451016    0.458401    0.465262

 Minimum Search - Taking Simple RFO Step
 Searching for Lamda that Minimizes Along All modes
 Value Taken    Lamda =  -0.00004990
 Step Taken.  Stepsize is  0.030336

                             Maximum     Tolerance    Cnvgd?
         Gradient           0.001607      0.000300      NO
         Displacement       0.020651      0.001200      NO
         Energy change     *********      0.000001      NO


 New Cartesian Coordinates Obtained by Inverse Iteration

 Displacement from previous Coordinates is:  0.072602
 ----------------------------------------------------------------
             Standard Nuclear Orientation (Angstroms)
    I     Atom           X                Y                Z
 ----------------------------------------------------------------
    1      N       1.4266797190    -0.8160105553     0.1651811227
    2      B       1.9079265758     0.7204508121    -0.2236697858
    3      B      -2.3553705042    -0.3585745471    -0.2634083170
    4      N      -1.4261159429     0.5627185784     0.2231257358
    5      H       0.4245453467    -0.8169356613     0.3828068219
    6      H       1.9350398900    -1.1708657279     0.9750281848
    7      H       1.5824684027    -1.4629112190    -0.6082723602
    8      H       1.6836414905     1.3790904953     0.7694460708
    9      H       3.0813870109     0.6428308600    -0.5039626572
   10      H       1.2146943101     1.0308522017    -1.1745994830
   11      H      -2.2394628136    -0.7582701960    -1.3859686801
   12      H      -3.2242085782    -0.7499920310     0.4607749331
   13      H      -1.4959816018     0.9798928716     1.1433355327
   14      H      -0.6968163049     0.9903571186    -0.3422001184
 ----------------------------------------------------------------
 Nuclear Repulsion Energy =   114.9551813383 hartrees
 There are       17 alpha and       17 beta electrons
 Applying Cartesian multipole field
    Component          Value
    ---------          -----
     (2,0,0)        1.00000E-11
     (0,2,0)        2.00000E-10
     (0,0,2)       -3.00000E-10
 Nucleus-field energy     =     0.0000000099 hartrees
 length of FILE_MO_COEFS: 12960 
 Requested basis set is 6-31G(d)
 There are 36 shells and 80 basis functions
 in ParallelAOLoop for JobNumber:  2 JobType:  2 
 A cutoff of  1.0D-10 yielded    615 shell pairs
 There are      3197 function pairs
 in ParallelAOLoop for JobNumber: 11 JobType: 11 
 DoParallel is ON (aoloop_n) 
 Smallest overlap matrix eigenvalue = 8.34E-03
 Guess MOs from SCF MO coefficient file
 Reading MOs from coefficient file
 Reading MOs from coefficient file
 A restricted hybrid HF-DFT SCF calculation will be
 performed using Relaxed Constraint Minimization + Pulay DIIS
 Exchange:     0.2000 Hartree-Fock + 0.0800 Slater + 0.7200 B88
 Correlation:  0.1900 VWN1RPA + 0.8100 LYP
 Using SG-1 standard quadrature grid
 SCF converges when DIIS error is below 1.0E-06
 Geometry optimization detected.  Setting ReadMinima to 0
 Setting SaveMinima to 0
 in ParallelAOLoop for JobNumber: 22 JobType: 22 
 Inaccurate integrated density:
   Number of electrons =    34
   Numerical integral  =    33.991972931417
   Relative error      =    -0.0236090252 %
 Inaccurate integrated density:
   Number of electrons =    34
   Numerical integral  =    33.991972931417
   Relative error      =    -0.0236090252 %
 ---------------------------------------
  Cycle       Energy         DIIS Error
 ---------------------------------------
    1    -165.2572894443      3.40E-04 Done RCA. Switching to DIIS
 in ParallelAOLoop for JobNumber: 22 JobType: 22 
    2    -165.2629053928      3.98E-05
 in ParallelAOLoop for JobNumber: 22 JobType: 22 
    3    -165.2629059608      5.13E-05
 in ParallelAOLoop for JobNumber: 22 JobType: 22 
    4    -165.2629078752      8.13E-06
 in ParallelAOLoop for JobNumber: 22 JobType: 22 
    5    -165.2629079250      2.29E-06
 in ParallelAOLoop for JobNumber: 22 JobType: 22 
    6    -165.2629079289      1.14E-06
 in ParallelAOLoop for JobNumber: 22 JobType: 22 
    7    -165.2629079297      2.49E-07 Convergence criterion met
 ---------------------------------------
 SCF time:  CPU 12.15 s  wall 12.20 s
 SCF   energy in the final basis set = -165.2629079297
 Total energy in the final basis set = -165.2629079297
 No wavefunction analysis requested
 Calculating analytic gradient of the SCF energy
 in ParallelAOLoop for JobNumber: 111 JobType: 11 
 DoParallel is ON (aoloop_n) 
 in ParallelAOLoop for JobNumber: 122 JobType: 22 
 Gradient of SCF Energy
            1           2           3           4           5           6
    1  -0.0001821  -0.0000717   0.0000715   0.0002266   0.0001022   0.0000461
    2  -0.0004462   0.0000001   0.0000657   0.0000885   0.0000758   0.0001520
    3   0.0001441   0.0000299  -0.0000343   0.0001505  -0.0000692  -0.0000403
            7           8           9          10          11          12
    1   0.0000256   0.0000157   0.0000030   0.0000052  -0.0000757  -0.0000493
    2   0.0001461  -0.0000129   0.0000256  -0.0000460  -0.0000251  -0.0000483
    3  -0.0000382  -0.0000032   0.0000049   0.0000571  -0.0000070  -0.0000304
           13          14
    1  -0.0000893  -0.0000278
    2  -0.0000442   0.0000690
    3   0.0000419  -0.0002058
 Max gradient component =       4.462E-04
 RMS gradient           =       1.092E-04
 Gradient time:  CPU 4.58 s  wall 4.61 s
 Geometry Optimization Parameters
   NAtoms,    NIC,     NZ,  NCons,   NDum,   NFix, NCnnct, MaxDiis
       14      92       0       0       0       0       0       0

 Cartesian Hessian Update
 Hessian Updated using BFGS Update


** GEOMETRY OPTIMIZATION IN DELOCALIZED INTERNAL COORDINATES **
   Searching for a Minimum

   Optimization Cycle:   2

                       Coordinates (Angstroms)
     ATOM                X               Y               Z
      1  N         1.4266797190   -0.8160105553    0.1651811227
      2  B         1.9079265758    0.7204508121   -0.2236697858
      3  B        -2.3553705042   -0.3585745471   -0.2634083170
      4  N        -1.4261159429    0.5627185784    0.2231257358
      5  H         0.4245453467   -0.8169356613    0.3828068219
      6  H         1.9350398900   -1.1708657279    0.9750281848
      7  H         1.5824684027   -1.4629112190   -0.6082723602
      8  H         1.6836414905    1.3790904953    0.7694460708
      9  H         3.0813870109    0.6428308600   -0.5039626572
     10  H         1.2146943101    1.0308522017   -1.1745994830
     11  H        -2.2394628136   -0.7582701960   -1.3859686801
     12  H        -3.2242085782   -0.7499920310    0.4607749331
     13  H        -1.4959816018    0.9798928716    1.1433355327
     14  H        -0.6968163049    0.9903571186   -0.3422001184
   Point Group: c1    Number of degrees of freedom:    36


   Energy is   -165.262907930

 Hessian Updated using BFGS Update

 35 Hessian modes will be used to form the next step
  Hessian Eigenvalues:
     0.003306    0.003920    0.006152    0.008754    0.017267    0.025601
     0.025648    0.026507    0.028602    0.044312    0.054126    0.055427
     0.068148    0.087703    0.096546    0.107128    0.118086    0.141267
     0.151801    0.155753    0.159557    0.159939    0.160113    0.196397
     0.224275    0.238858    0.241974    0.249807    0.253394    0.412599
     0.444686    0.446316    0.452885    0.461169    0.481795

 Minimum Search - Taking Simple RFO Step
 Searching for Lamda that Minimizes Along All modes
 Value Taken    Lamda =  -0.00000257
 Step Taken.  Stepsize is  0.012930

                             Maximum     Tolerance    Cnvgd?
         Gradient           0.000179      0.000300     YES
         Displacement       0.005420      0.001200      NO
         Energy change     -0.000027      0.000001      NO


 New Cartesian Coordinates Obtained by Inverse Iteration

 Displacement from previous Coordinates is:  0.021858
 ----------------------------------------------------------------
             Standard Nuclear Orientation (Angstroms)
    I     Atom           X                Y                Z
 ----------------------------------------------------------------
    1      N       1.4255592318    -0.8145547885     0.1651703846
    2      B       1.9098056915     0.7208258317    -0.2241999209
    3      B      -2.3550147456    -0.3600694610    -0.2638177941
    4      N      -1.4277413429     0.5626685715     0.2236988177
    5      H       0.4236764814    -0.8142850631     0.3849678150
    6      H       1.9341148261    -1.1716916819     0.9740995478
    7      H       1.5782063694    -1.4625026639    -0.6082527790
    8      H       1.6888012272     1.3797067352     0.7696193068
    9      H       3.0826444415     0.6400688813    -0.5065132604
   10      H       1.2155244362     1.0332699015    -1.1738965708
   11      H      -2.2358283078    -0.7603893477    -1.3858794063
   12      H      -3.2245332126    -0.7518736852     0.4593028502
   13      H      -1.4989984556     0.9803814814     1.1436221272
   14      H      -0.6977896406     0.9910782887    -0.3403041176
 ----------------------------------------------------------------
 Nuclear Repulsion Energy =   114.9422111402 hartrees
 There are       17 alpha and       17 beta electrons
 Applying Cartesian multipole field
    Component          Value
    ---------          -----
     (2,0,0)        1.00000E-11
     (0,2,0)        2.00000E-10
     (0,0,2)       -3.00000E-10
 Nucleus-field energy     =     0.0000000099 hartrees
 length of FILE_MO_COEFS: 12960 
 Requested basis set is 6-31G(d)
 There are 36 shells and 80 basis functions
 in ParallelAOLoop for JobNumber:  2 JobType:  2 
 A cutoff of  1.0D-10 yielded    615 shell pairs
 There are      3197 function pairs
 in ParallelAOLoop for JobNumber: 11 JobType: 11 
 DoParallel is ON (aoloop_n) 
 Smallest overlap matrix eigenvalue = 8.34E-03
 Guess MOs from SCF MO coefficient file
 Reading MOs from coefficient file
 Reading MOs from coefficient file
 A restricted hybrid HF-DFT SCF calculation will be
 performed using Relaxed Constraint Minimization + Pulay DIIS
 Exchange:     0.2000 Hartree-Fock + 0.0800 Slater + 0.7200 B88
 Correlation:  0.1900 VWN1RPA + 0.8100 LYP
 Using SG-1 standard quadrature grid
 SCF converges when DIIS error is below 1.0E-06
 Geometry optimization detected.  Setting ReadMinima to 0
 Setting SaveMinima to 0
 in ParallelAOLoop for JobNumber: 22 JobType: 22 
 ---------------------------------------
  Cycle       Energy         DIIS Error
 ---------------------------------------
    1    -165.2624881528      7.96E-05 Done RCA. Switching to DIIS
 in ParallelAOLoop for JobNumber: 22 JobType: 22 
    2    -165.2629095627      7.50E-06
 in ParallelAOLoop for JobNumber: 22 JobType: 22 
    3    -165.2629096327      5.48E-06
 in ParallelAOLoop for JobNumber: 22 JobType: 22 
    4    -165.2629096528      2.96E-06
 in ParallelAOLoop for JobNumber: 22 JobType: 22 
    5    -165.2629096587      7.82E-07 Convergence criterion met
 ---------------------------------------
 SCF time:  CPU 9.28 s  wall 9.89 s
 SCF   energy in the final basis set = -165.2629096587
 Total energy in the final basis set = -165.2629096587
 No wavefunction analysis requested
 Calculating analytic gradient of the SCF energy
 in ParallelAOLoop for JobNumber: 111 JobType: 11 
 DoParallel is ON (aoloop_n) 
 in ParallelAOLoop for JobNumber: 122 JobType: 22 
 Gradient of SCF Energy
            1           2           3           4           5           6
    1  -0.0000459  -0.0000259   0.0000087   0.0000589  -0.0000300   0.0000258
    2  -0.0000797   0.0000002   0.0000653  -0.0000767  -0.0000139   0.0000157
    3   0.0000068   0.0000162  -0.0000146   0.0000527   0.0000237   0.0000313
            7           8           9          10          11          12
    1   0.0000248   0.0000062   0.0000373  -0.0000228  -0.0000163  -0.0000365
    2   0.0000003   0.0000120   0.0000010  -0.0000178  -0.0000219  -0.0000321
    3  -0.0000488   0.0000358   0.0000050   0.0000052  -0.0000362  -0.0000013
           13          14
    1  -0.0000051   0.0000209
    2   0.0000101   0.0001374
    3   0.0000594  -0.0001353
 Max gradient component =       1.374E-04
 RMS gradient           =       4.422E-05
 Gradient time:  CPU 4.62 s  wall 4.65 s
 Geometry Optimization Parameters
   NAtoms,    NIC,     NZ,  NCons,   NDum,   NFix, NCnnct, MaxDiis
       14      92       0       0       0       0       0       0

 Cartesian Hessian Update
 Hessian Updated using BFGS Update


** GEOMETRY OPTIMIZATION IN DELOCALIZED INTERNAL COORDINATES **
   Searching for a Minimum

   Optimization Cycle:   3

                       Coordinates (Angstroms)
     ATOM                X               Y               Z
      1  N         1.4255592318   -0.8145547885    0.1651703846
      2  B         1.9098056915    0.7208258317   -0.2241999209
      3  B        -2.3550147456   -0.3600694610   -0.2638177941
      4  N        -1.4277413429    0.5626685715    0.2236988177
      5  H         0.4236764814   -0.8142850631    0.3849678150
      6  H         1.9341148261   -1.1716916819    0.9740995478
      7  H         1.5782063694   -1.4625026639   -0.6082527790
      8  H         1.6888012272    1.3797067352    0.7696193068
      9  H         3.0826444415    0.6400688813   -0.5065132604
     10  H         1.2155244362    1.0332699015   -1.1738965708
     11  H        -2.2358283078   -0.7603893477   -1.3858794063
     12  H        -3.2245332126   -0.7518736852    0.4593028502
     13  H        -1.4989984556    0.9803814814    1.1436221272
     14  H        -0.6977896406    0.9910782887   -0.3403041176
   Point Group: c1    Number of degrees of freedom:    36


   Energy is   -165.262909659

 Hessian Updated using BFGS Update

 36 Hessian modes will be used to form the next step
  Hessian Eigenvalues:
     0.003061    0.003980    0.005033    0.008144    0.017275    0.024869
     0.025905    0.026005    0.027905    0.044338    0.054126    0.055457
     0.067615    0.086891    0.096067    0.102913    0.118242    0.141277
     0.147385    0.152894    0.159490    0.159993    0.160022    0.166707
     0.196327    0.225493    0.239449    0.242717    0.249955    0.253167
     0.417588    0.446254    0.446906    0.455490    0.463681    0.483542

 Minimum Search - Taking Simple RFO Step
 Searching for Lamda that Minimizes Along All modes
 Value Taken    Lamda =  -0.00000102
 Step Taken.  Stepsize is  0.012983

                             Maximum     Tolerance    Cnvgd?
         Gradient           0.000074      0.000300     YES
         Displacement       0.008042      0.001200      NO
         Energy change     -0.000002      0.000001      NO


 New Cartesian Coordinates Obtained by Inverse Iteration

 Displacement from previous Coordinates is:  0.024977
 ----------------------------------------------------------------
             Standard Nuclear Orientation (Angstroms)
    I     Atom           X                Y                Z
 ----------------------------------------------------------------
    1      N       1.4240439107    -0.8136223754     0.1643283627
    2      B       1.9112043902     0.7209431720    -0.2241388251
    3      B      -2.3533028542    -0.3621467673    -0.2632791165
    4      N      -1.4290869095     0.5636193383     0.2241751747
    5      H       0.4224885267    -0.8119916512     0.3858255517
    6      H       1.9328235590    -1.1733342371     0.9720096765
    7      H       1.5737328573    -1.4615064070    -0.6097502182
    8      H       1.6925543230     1.3792473235     0.7705298420
    9      H       3.0835051042     0.6377009240    -0.5077163665
   10      H       1.2166183780     1.0358469249    -1.1727636772
   11      H      -2.2302685720    -0.7646922007    -1.3840655004
   12      H      -3.2241623985    -0.7530304316     0.4585539407
   13      H      -1.5032192613     0.9835954113     1.1427987542
   14      H      -0.6985040537     0.9920039760    -0.3388905985
 ----------------------------------------------------------------
 Nuclear Repulsion Energy =   114.9448272480 hartrees
 There are       17 alpha and       17 beta electrons
 Applying Cartesian multipole field
    Component          Value
    ---------          -----
     (2,0,0)        1.00000E-11
     (0,2,0)        2.00000E-10
     (0,0,2)       -3.00000E-10
 Nucleus-field energy     =     0.0000000099 hartrees
 length of FILE_MO_COEFS: 12960 
 Requested basis set is 6-31G(d)
 There are 36 shells and 80 basis functions
 in ParallelAOLoop for JobNumber:  2 JobType:  2 
 A cutoff of  1.0D-10 yielded    615 shell pairs
 There are      3197 function pairs
 in ParallelAOLoop for JobNumber: 11 JobType: 11 
 DoParallel is ON (aoloop_n) 
 Smallest overlap matrix eigenvalue = 8.35E-03
 Guess MOs from SCF MO coefficient file
 Reading MOs from coefficient file
 Reading MOs from coefficient file
 A restricted hybrid HF-DFT SCF calculation will be
 performed using Relaxed Constraint Minimization + Pulay DIIS
 Exchange:     0.2000 Hartree-Fock + 0.0800 Slater + 0.7200 B88
 Correlation:  0.1900 VWN1RPA + 0.8100 LYP
 Using SG-1 standard quadrature grid
 SCF converges when DIIS error is below 1.0E-06
 Geometry optimization detected.  Setting ReadMinima to 0
 Setting SaveMinima to 0
 in ParallelAOLoop for JobNumber: 22 JobType: 22 
 ---------------------------------------
  Cycle       Energy         DIIS Error
 ---------------------------------------
    1    -165.2629250601      1.08E-04 Done RCA. Switching to DIIS
 in ParallelAOLoop for JobNumber: 22 JobType: 22 
    2    -165.2629101145      8.14E-06
 in ParallelAOLoop for JobNumber: 22 JobType: 22 
    3    -165.2629102640      2.74E-06
 in ParallelAOLoop for JobNumber: 22 JobType: 22 
    4    -165.2629102656      3.04E-06
 in ParallelAOLoop for JobNumber: 22 JobType: 22 
    5    -165.2629102725      5.92E-07 Convergence criterion met
 ---------------------------------------
 SCF time:  CPU 9.37 s  wall 10.56 s
 SCF   energy in the final basis set = -165.2629102725
 Total energy in the final basis set = -165.2629102725
 No wavefunction analysis requested
 Calculating analytic gradient of the SCF energy
 in ParallelAOLoop for JobNumber: 111 JobType: 11 
 DoParallel is ON (aoloop_n) 
 in ParallelAOLoop for JobNumber: 122 JobType: 22 
 Gradient of SCF Energy
            1           2           3           4           5           6
    1   0.0000253   0.0000133   0.0000212   0.0000198  -0.0000593  -0.0000051
    2   0.0001150   0.0000089  -0.0000331  -0.0001110  -0.0000716  -0.0000441
    3  -0.0000463  -0.0000072   0.0000030   0.0000108   0.0000379   0.0000243
            7           8           9          10          11          12
    1  -0.0000031  -0.0000018   0.0000128  -0.0000025  -0.0000044  -0.0000159
    2  -0.0000409  -0.0000041  -0.0000117  -0.0000151   0.0000293   0.0000217
    3  -0.0000045   0.0000251   0.0000138   0.0000169  -0.0000198  -0.0000101
           13          14
    1   0.0000241  -0.0000244
    2   0.0000269   0.0001299
    3   0.0000121  -0.0000559
 Max gradient component =       1.299E-04
 RMS gradient           =       4.107E-05
 Gradient time:  CPU 4.44 s  wall 4.47 s
 Geometry Optimization Parameters
   NAtoms,    NIC,     NZ,  NCons,   NDum,   NFix, NCnnct, MaxDiis
       14      92       0       0       0       0       0       0

 Cartesian Hessian Update
 Hessian Updated using BFGS Update


** GEOMETRY OPTIMIZATION IN DELOCALIZED INTERNAL COORDINATES **
   Searching for a Minimum

   Optimization Cycle:   4

                       Coordinates (Angstroms)
     ATOM                X               Y               Z
      1  N         1.4240439107   -0.8136223754    0.1643283627
      2  B         1.9112043902    0.7209431720   -0.2241388251
      3  B        -2.3533028542   -0.3621467673   -0.2632791165
      4  N        -1.4290869095    0.5636193383    0.2241751747
      5  H         0.4224885267   -0.8119916512    0.3858255517
      6  H         1.9328235590   -1.1733342371    0.9720096765
      7  H         1.5737328573   -1.4615064070   -0.6097502182
      8  H         1.6925543230    1.3792473235    0.7705298420
      9  H         3.0835051042    0.6377009240   -0.5077163665
     10  H         1.2166183780    1.0358469249   -1.1727636772
     11  H        -2.2302685720   -0.7646922007   -1.3840655004
     12  H        -3.2241623985   -0.7530304316    0.4585539407
     13  H        -1.5032192613    0.9835954113    1.1427987542
     14  H        -0.6985040537    0.9920039760   -0.3388905985
   Point Group: c1    Number of degrees of freedom:    36


   Energy is   -165.262910273

 Hessian Updated using BFGS Update

 36 Hessian modes will be used to form the next step
  Hessian Eigenvalues:
     0.002438    0.003926    0.004464    0.008091    0.017265    0.024385
     0.025758    0.027787    0.029741    0.044338    0.054150    0.055374
     0.067563    0.086758    0.097761    0.105253    0.118199    0.140482
     0.141690    0.153039    0.159445    0.160011    0.160294    0.177822
     0.196666    0.225243    0.239202    0.242285    0.249963    0.253616
     0.418003    0.446257    0.447947    0.454637    0.462484    0.477917

 Minimum Search - Taking Simple RFO Step
 Searching for Lamda that Minimizes Along All modes
 Value Taken    Lamda =   0.00000000
 Step Taken.  Stepsize is  0.008752

                             Maximum     Tolerance    Cnvgd?
         Gradient           0.000061      0.000300     YES
         Displacement       0.005199      0.001200      NO
         Energy change     -0.000001      0.000001     YES


                       Distance Matrix (Angstroms)
             N (  1)   B (  2)   B (  3)   N (  4)   H (  5)   H (  6)
   B (  2)  1.656238
   B (  3)  3.828188  4.400072
   N (  4)  3.168711  3.373912  1.396005
   H (  5)  1.025757  2.222211  2.885951  2.312308
   H (  6)  1.020097  2.240430  4.533745  3.857293  1.659907
   H (  7)  1.020470  2.241800  4.092706  3.716651  1.654812  1.647408
   H (  8)  2.290907  1.212657  4.524398  3.272369  2.561756  2.571769
   H (  9)  2.304733  1.208981  5.533383  4.572159  3.159278  2.606435
   H ( 10)  2.291588  1.217170  3.940290  3.028893  2.544474  3.161247
   H ( 11)  3.969120  4.550202  1.197223  2.234444  3.189337  4.800981
   H ( 12)  4.657903  5.386154  1.196758  2.238481  3.647853  5.199500
   H ( 13)  3.571591  3.687247  2.123845  1.012791  2.739615  4.060530
   H ( 14)  2.831735  2.626256  2.139579  1.017009  2.244156  3.651169
             H (  7)   H (  8)   H (  9)   H ( 10)   H ( 11)   H ( 12)
   H (  8)  3.160565
   H (  9)  2.587759  2.029421
   H ( 10)  2.584819  2.029982  2.021404
   H ( 11)  3.944051  4.962590  5.565149  3.894563
   H ( 12)  4.966187  5.368244  6.531040  5.057847  2.093611
   H ( 13)  4.303206  3.241619  4.886909  3.572405  3.157555  2.538839
   H ( 14)  3.355017  2.664194  3.802319  2.089249  2.554344  3.171752
             H ( 13)
   H ( 14)  1.686132
 
 Final energy is   -165.262910272524     


 ******************************
 **  OPTIMIZATION CONVERGED  **
 ******************************

                       Coordinates (Angstroms)
     ATOM                X               Y               Z
      1  N         1.4240439107   -0.8136223754    0.1643283627
      2  B         1.9112043902    0.7209431720   -0.2241388251
      3  B        -2.3533028542   -0.3621467673   -0.2632791165
      4  N        -1.4290869095    0.5636193383    0.2241751747
      5  H         0.4224885267   -0.8119916512    0.3858255517
      6  H         1.9328235590   -1.1733342371    0.9720096765
      7  H         1.5737328573   -1.4615064070   -0.6097502182
      8  H         1.6925543230    1.3792473235    0.7705298420
      9  H         3.0835051042    0.6377009240   -0.5077163665
     10  H         1.2166183780    1.0358469249   -1.1727636772
     11  H        -2.2302685720   -0.7646922007   -1.3840655004
     12  H        -3.2241623985   -0.7530304316    0.4585539407
     13  H        -1.5032192613    0.9835954113    1.1427987542
     14  H        -0.6985040537    0.9920039760   -0.3388905985

Z-matrix Print:
$molecule
0 1
N 
H  1 1.012791
H  1 1.017009 2 112.338940
B  1 1.396005 2 122.904795 3 171.521624 0
H  4 1.196758 1 119.192583 2 5.245555 0
H  4 1.197223 1 118.804537 2 -176.492113 0
H  3 2.089249 1 152.661329 2 -101.237127 0
B  7 1.217170 3 101.923186 1 45.658563 0
H  8 1.208981 7 112.851766 3 -177.518447 0
H  8 1.212657 7 113.323857 3 51.193489 0
N  8 1.656238 7 104.753446 3 -62.609098 0
H  11 1.020097 8 111.452235 7 178.665542 0
H  11 1.020470 8 111.542103 7 -60.952136 0
H  11 1.025757 8 109.655945 7 58.563347 0
$end

 No wavefunction analysis requested
 Total job time:  73.69s(wall), 67.75s(cpu) 
 Thu Nov 17 14:34:09 2016

======= MOLDEN-FORMATTED INPUT FILE FOLLOWS =======
[Molden Format]
[Atoms] (Angs)
  N      1    7      1.42404391     -0.81362238      0.16432836
  B      2    5      1.91120439      0.72094317     -0.22413883
  B      3    5     -2.35330285     -0.36214677     -0.26327912
  N      4    7     -1.42908691      0.56361934      0.22417517
  H      5    1      0.42248853     -0.81199165      0.38582555
  H      6    1      1.93282356     -1.17333424      0.97200968
  H      7    1      1.57373286     -1.46150641     -0.60975022
  H      8    1      1.69255432      1.37924732      0.77052984
  H      9    1      3.08350510      0.63770092     -0.50771637
  H     10    1      1.21661838      1.03584692     -1.17276368
  H     11    1     -2.23026857     -0.76469220     -1.38406550
  H     12    1     -3.22416240     -0.75303043      0.45855394
  H     13    1     -1.50321926      0.98359541      1.14279875
  H     14    1     -0.69850405      0.99200398     -0.33889060
[GEOCONV]
energy
     -165.2628812598
     -165.2629079297
     -165.2629096587
     -165.2629102725
max-force
        0.0016072451
        0.0001793529
        0.0000738195
        0.0000605394
max-step
        0.0206505067
        0.0054195104
        0.0080418757
        0.0051993181
[GEOMETRIES] (XYZ)
  14
Step 1
  N      1.43044000     -0.81652700      0.17052100
  B      1.90477000      0.71951900     -0.22601100
  B     -2.35889500     -0.35306700     -0.26740900
  N     -1.42359200      0.55736500      0.22376200
  H      0.43051900     -0.81823000      0.39007400
  H      1.94209200     -1.16423000      0.97902100
  H      1.58668200     -1.46398500     -0.59988600
  H      1.68076900      1.38157500      0.76313800
  H      3.07648300      0.64518100     -0.50785200
  H      1.21019800      1.02363400     -1.17641500
  H     -2.25086100     -0.74139400     -1.39312900
  H     -3.22593300     -0.74692100      0.45512000
  H     -1.48824000      0.96411700      1.14684100
  H     -0.69600500      0.98559600     -0.34015800
  14
Step 2
  N      1.42667972     -0.81601056      0.16518112
  B      1.90792658      0.72045081     -0.22366979
  B     -2.35537050     -0.35857455     -0.26340832
  N     -1.42611594      0.56271858      0.22312574
  H      0.42454535     -0.81693566      0.38280682
  H      1.93503989     -1.17086573      0.97502818
  H      1.58246840     -1.46291122     -0.60827236
  H      1.68364149      1.37909050      0.76944607
  H      3.08138701      0.64283086     -0.50396266
  H      1.21469431      1.03085220     -1.17459948
  H     -2.23946281     -0.75827020     -1.38596868
  H     -3.22420858     -0.74999203      0.46077493
  H     -1.49598160      0.97989287      1.14333553
  H     -0.69681630      0.99035712     -0.34220012
  14
Step 3
  N      1.42555923     -0.81455479      0.16517038
  B      1.90980569      0.72082583     -0.22419992
  B     -2.35501475     -0.36006946     -0.26381779
  N     -1.42774134      0.56266857      0.22369882
  H      0.42367648     -0.81428506      0.38496781
  H      1.93411483     -1.17169168      0.97409955
  H      1.57820637     -1.46250266     -0.60825278
  H      1.68880123      1.37970674      0.76961931
  H      3.08264444      0.64006888     -0.50651326
  H      1.21552444      1.03326990     -1.17389657
  H     -2.23582831     -0.76038935     -1.38587941
  H     -3.22453321     -0.75187369      0.45930285
  H     -1.49899846      0.98038148      1.14362213
  H     -0.69778964      0.99107829     -0.34030412
  14
Step 4
  N      1.42404391     -0.81362238      0.16432836
  B      1.91120439      0.72094317     -0.22413883
  B     -2.35330285     -0.36214677     -0.26327912
  N     -1.42908691      0.56361934      0.22417517
  H      0.42248853     -0.81199165      0.38582555
  H      1.93282356     -1.17333424      0.97200968
  H      1.57373286     -1.46150641     -0.60975022
  H      1.69255432      1.37924732      0.77052984
  H      3.08350510      0.63770092     -0.50771637
  H      1.21661838      1.03584692     -1.17276368
  H     -2.23026857     -0.76469220     -1.38406550
  H     -3.22416240     -0.75303043      0.45855394
  H     -1.50321926      0.98359541      1.14279875
  H     -0.69850405      0.99200398     -0.33889060

======= END OF MOLDEN-FORMATTED INPUT FILE =======


        *************************************************************
        *                                                           *
        *  Thank you very much for using Q-Chem.  Have a nice day.  *
        *                                                           *
        *************************************************************


0 sent ACK to 0 
now end server 0 ... 
